[17:44:32] [main/INFO]: Loading Minecraft 1.21.5 with Fabric Loader 0.17.2
[17:44:33] [main/INFO]: Loading 192 mods:
	- advancednetherite 2.3.0-1.21.5
	- almanac 1.4.5
	- architectury 16.1.4
	- armorhide 1.1.3
	- balm 21.5.21
	   \-- kuma_api 21.5.2
	- betterthanmending 2.2.3
	- c2me 0.3.3.0.0+1.21.5
	   |-- c2me-base 0.3.3.0.0+1.21.5
	   |-- c2me-client-uncapvd 0.3.3.0.0+1.21.5
	   |-- c2me-fixes-chunkio-threading-issues 0.3.3.0.0+1.21.5
	   |-- c2me-fixes-general-threading-issues 0.3.3.0.0+1.21.5
	   |-- c2me-fixes-worldgen-threading-issues 0.3.3.0.0+1.21.5
	   |-- c2me-fixes-worldgen-vanilla-bugs 0.3.3.0.0+1.21.5
	   |-- c2me-notickvd 0.3.3.0.0+1.21.5
	   |-- c2me-opts-allocs 0.3.3.0.0+1.21.5
	   |-- c2me-opts-chunkio 0.3.3.0.0+1.21.5
	   |-- c2me-opts-dfc 0.3.3.0.0+1.21.5
	   |-- c2me-opts-math 0.3.3.0.0+1.21.5
	   |-- c2me-opts-scheduling 0.3.3.0.0+1.21.5
	   |-- c2me-opts-worldgen-general 0.3.3.0.0+1.21.5
	   |-- c2me-opts-worldgen-vanilla 0.3.3.0.0+1.21.5
	   |-- c2me-rewrites-chunk-serializer 0.3.3.0.0+1.21.5
	   |-- c2me-rewrites-chunk-system 0.3.3.0.0+1.21.5
	   |-- c2me-rewrites-chunkio 0.3.3.0.0+1.21.5
	   |-- c2me-server-utils 0.3.3.0.0+1.21.5
	   |-- c2me-threading-lighting 0.3.3.0.0+1.21.5
	   |-- com_ibm_async_asyncutil 0.1.0
	   |-- io_reactivex_rxjava3_rxjava 3.1.8
	   |-- mixinsquared 0.2.0-beta.6
	   |-- net_objecthunter_exp4j 0.4.8
	   |-- org_jctools_jctools-core 4.0.5
	   \-- org_reactivestreams_reactive-streams 1.0.4
	- cardinal-components 6.3.1
	   |-- cardinal-components-base 6.3.1
	   |-- cardinal-components-block 6.3.1
	   |-- cardinal-components-chunk 6.3.1
	   |-- cardinal-components-entity 6.3.1
	   |-- cardinal-components-item 6.3.1
	   |-- cardinal-components-level 6.3.1
	   |-- cardinal-components-scoreboard 6.3.1
	   \-- cardinal-components-world 6.3.1
	- carryon 2.4.0
	- chunky 1.4.36
	- clienthings 2.4.0
	- cloth-config 18.0.145
	   \-- cloth-basic-math 0.6.1
	- debugify 1.21.5+1.0
	- dimensionviewer 2.1.0
	- easyanvils 21.5.1
	- easymagic 21.5.0
	- easyshulkerboxes 21.5.0
	   \-- iteminteractions 21.5.0
	- enchanter_fix 1.6
	- endrem 6.1.3
	- fabric-api 0.128.1+1.21.5
	   |-- fabric-api-base 0.4.62+73a52b4b49
	   |-- fabric-api-lookup-api-v1 1.6.96+86c3a9f149
	   |-- fabric-biome-api-v1 16.0.7+2dd063df49
	   |-- fabric-block-api-v1 1.1.0+ed91556f49
	   |-- fabric-block-view-api-v2 1.0.26+aa6d566c49
	   |-- fabric-blockrenderlayer-v1 2.0.16+86c3a9f149
	   |-- fabric-client-tags-api-v1 1.1.37+86c3a9f149
	   |-- fabric-command-api-v1 1.2.70+f71b366f49
	   |-- fabric-command-api-v2 2.2.49+73a52b4b49
	   |-- fabric-commands-v0 0.2.87+df3654b349
	   |-- fabric-content-registries-v0 10.0.14+3e6c1f7d49
	   |-- fabric-convention-tags-v1 2.1.33+7f945d5b49
	   |-- fabric-convention-tags-v2 2.15.2+6d9989f349
	   |-- fabric-crash-report-info-v1 0.3.12+86c3a9f149
	   |-- fabric-data-attachment-api-v1 1.8.5+6d9989f349
	   |-- fabric-data-generation-api-v1 22.5.2+a0fab30c49
	   |-- fabric-dimensions-v1 4.0.17+3e6c1f7d49
	   |-- fabric-entity-events-v1 2.1.0+3ce7866349
	   |-- fabric-events-interaction-v0 4.0.15+64e3057949
	   |-- fabric-game-rule-api-v1 1.0.70+c327076a49
	   |-- fabric-item-api-v1 11.4.1+e46fd76a49
	   |-- fabric-item-group-api-v1 4.2.9+3459fc6149
	   |-- fabric-key-binding-api-v1 1.0.63+ecf51cdc49
	   |-- fabric-keybindings-v0 0.2.61+df3654b349
	   |-- fabric-lifecycle-events-v1 2.6.0+230071a049
	   |-- fabric-loot-api-v2 3.0.48+3f89f5a549
	   |-- fabric-loot-api-v3 1.0.36+86c3a9f149
	   |-- fabric-message-api-v1 6.1.0+fe971bba49
	   |-- fabric-model-loading-api-v1 5.2.3+5281b90749
	   |-- fabric-networking-api-v1 4.5.0+775be32c49
	   |-- fabric-object-builder-api-v1 21.1.2+b8d6ba7049
	   |-- fabric-particles-v1 4.1.2+112e550e49
	   |-- fabric-recipe-api-v1 8.1.8+3235ab3249
	   |-- fabric-registry-sync-v0 6.1.22+cd64004349
	   |-- fabric-renderer-api-v1 6.1.2+bdf4842249
	   |-- fabric-renderer-indigo 3.1.2+5281b90749
	   |-- fabric-rendering-data-attachment-v1 0.3.64+73761d2e49
	   |-- fabric-rendering-fluids-v1 3.1.27+86c3a9f149
	   |-- fabric-rendering-v1 11.3.0+a272b33849
	   |-- fabric-resource-conditions-api-v1 5.0.21+73a52b4b49
	   |-- fabric-resource-loader-v0 3.1.7+847e5f5c49
	   |-- fabric-screen-api-v1 2.0.46+86c3a9f149
	   |-- fabric-screen-handler-api-v1 1.3.129+c327076a49
	   |-- fabric-sound-api-v1 1.0.38+86c3a9f149
	   |-- fabric-tag-api-v1 1.0.17+ecf51cdc49
	   |-- fabric-transfer-api-v1 5.4.24+7b20cbb049
	   \-- fabric-transitive-access-wideners-v1 6.3.17+f17a180c49
	- fabric-language-kotlin 1.13.4+kotlin.2.2.0
	   |-- org_jetbrains_kotlin_kotlin-reflect 2.2.0
	   |-- org_jetbrains_kotlin_kotlin-stdlib 2.2.0
	   |-- org_jetbrains_kotlin_kotlin-stdlib-jdk7 2.2.0
	   |-- org_jetbrains_kotlin_kotlin-stdlib-jdk8 2.2.0
	   |-- org_jetbrains_kotlinx_atomicfu-jvm 0.28.0
	   |-- org_jetbrains_kotlinx_kotlinx-coroutines-core-jvm 1.10.2
	   |-- org_jetbrains_kotlinx_kotlinx-coroutines-jdk8 1.10.2
	   |-- org_jetbrains_kotlinx_kotlinx-datetime-jvm 0.6.2
	   |-- org_jetbrains_kotlinx_kotlinx-io-bytestring-jvm 0.7.0
	   |-- org_jetbrains_kotlinx_kotlinx-io-core-jvm 0.7.0
	   |-- org_jetbrains_kotlinx_kotlinx-serialization-cbor-jvm 1.8.1
	   |-- org_jetbrains_kotlinx_kotlinx-serialization-core-jvm 1.8.1
	   \-- org_jetbrains_kotlinx_kotlinx-serialization-json-jvm 1.8.1
	- fabricloader 0.17.2
	   \-- mixinextras 0.5.0
	- ferritecore 8.0.0
	- flowerymooblooms 3.0.1
	- forgeconfigapiport 21.5.1
	   |-- com_electronwill_night-config_core 3.8.1
	   \-- com_electronwill_night-config_toml 3.8.1
	- friendsandfoes 4.0.8
	- fsit 2.7.10+mc1.21.2
	- geckolib 5.1.0
	- improved_village_placement 1.1.1
	- iwie 4.5.1
	- java 21
	- krypton 0.2.9
	   \-- com_velocitypowered_velocity-native 3.4.0-SNAPSHOT
	- ksyxis 1.3.4
	- leashmod 1.2.2+1.21.5
	- leavesbegone 21.5.2
	- letmedespawn 1.5.1
	- libjf 3.18.5
	   |-- libjf-base 3.18.5
	   |-- libjf-config-commands 3.18.5
	   |-- libjf-config-core-v2 3.18.5
	   |-- libjf-config-network-v0 3.18.5
	   |-- libjf-config-ui-tiny 3.18.5
	   |-- libjf-data-manipulation-v0 3.18.5
	   |-- libjf-data-v0 3.18.5
	   |-- libjf-mainhttp-v0 3.18.5
	   |-- libjf-resource-pack-entry-widgets-v0 3.18.5
	   |-- libjf-translate-v1 3.18.5
	   |-- libjf-unsafe-v0 3.18.5
	   \-- libjf-web-v1 3.18.5
	- lithium 0.16.3+mc1.21.5
	- lithostitched 1.4.8
	- livingthings 1.21.5-2.3.0
	- minechess 1.1.1-mod
	- minecraft 1.21.5
	- mr_happy_ghastssage 2.3
	- mr_jakes_buildtools 4.0.3
	- mr_vanilla_plusdatapack 15.0
	- mutantmonsters 21.5.1
	- naturescompass 1.21.5-2.2.8-fabric
	- netherportalfix 21.5.1
	- packetfixer 3.3.0
	- plushables 2.0.7+1.21.5
	- pridemoths 1.9.4+1.21.5
	- promenade 5.1.0
	   \-- biolith 3.3.0
	- puzzleslib 21.5.12
	- resourcefullib 3.5.0
	   |-- com_teamresourceful_bytecodecs 1.1.3
	   \-- com_teamresourceful_yabn 1.0.3
	- roughlyenoughitems 19.0.809
	   \-- error_notifier 1.0.11
	- scalablelux 0.1.3.1+fabric.ce1e005
	- servercore 1.5.12+1.21.5
	   |-- fabric-permissions-api-v0 0.3.3
	   |-- org_yaml_snakeyaml 2.3
	   |-- placeholder-api 2.6.2+1.21.5
	   |-- space_arim_dazzleconf_dazzleconf-core 1.3.0-M2
	   \-- space_arim_dazzleconf_dazzleconf-ext-snakeyaml 1.3.0-M2
	- skeletonaifix 21.5.0
	- spark 1.10.138
	   \-- fabric-permissions-api-v0 0.3.3
	- the_afterdark 1.0.3.1
	- tinyskeletons 21.5.1
	- tool_trims 2.3.3
	- trade_cycling 1.21.5-1.0.18
	   |-- fabric-key-binding-api-v1 1.0.63+ecf51cdc07
	   \-- fabric-screen-api-v1 2.0.46+86c3a9f107
	- tradingpost 21.5.0
	- travelersbackpack 10.5.3
	- tt20 0.7.1
	   \-- net_snackbag_shit_shit 1.2.3
	- variantsandventures 1.0.19
	- vcinteraction 1.21.5-1.0.8
	   \-- polymer-registry-sync-manipulator 0.12.1+1.21.5-rc2
	- vmp 0.2.0+beta.7.198+1.21.5
	   \-- com_ibm_async_asyncutil 0.1.0
	- voicechat 1.21.5-2.6.3
	   |-- fabric-key-binding-api-v1 1.0.63+ecf51cdc07
	   |-- fabric-rendering-v1 11.1.11+081cc04307
	   \-- voicechat_api 2.6.0
	- witherswrath 1.14.1
	- yet_another_config_lib_v3 3.7.1+1.21.5-fabric
	   |-- com_twelvemonkeys_common_common-image 3.12.0
	   |-- com_twelvemonkeys_common_common-io 3.12.0
	   |-- com_twelvemonkeys_common_common-lang 3.12.0
	   |-- com_twelvemonkeys_imageio_imageio-core 3.12.0
	   |-- com_twelvemonkeys_imageio_imageio-metadata 3.12.0
	   |-- com_twelvemonkeys_imageio_imageio-webp 3.12.0
	   |-- org_quiltmc_parsers_gson 0.2.1
	   \-- org_quiltmc_parsers_json 0.2.1
[17:44:34] [main/INFO]: SpongePowered MIXIN Subsystem Version=0.8.7 Source=file:/workspaces/Better/servidor_minecraft/libraries/net/fabricmc/sponge-mixin/0.16.3+mixin.0.8.7/sponge-mixin-0.16.3+mixin.0.8.7.jar Service=Knot/Fabric Env=SERVER
[17:44:34] [main/INFO]: Compatibility level set to JAVA_21
[17:44:34] [main/INFO]: Initializing com.ishland.c2me.base.mixin
[17:44:34] [main/INFO]: Global Executor Parallelism: 1 configured, 1 evaluated, 1 default evaluated
[17:44:34] [main/INFO]: Initializing com.ishland.c2me.fixes.chunkio.threading_issues.mixin
[17:44:34] [main/INFO]: Initializing com.ishland.c2me.fixes.general.threading_issues.mixin
[17:44:34] [main/INFO]: Initializing com.ishland.c2me.fixes.worldgen.threading_issues.mixin
[17:44:34] [main/INFO]: Initializing com.ishland.c2me.fixes.worldgen.vanilla_bugs.mixin
[17:44:34] [main/INFO]: Initializing com.ishland.c2me.notickvd.mixin
[17:44:34] [main/INFO]: Initializing com.ishland.c2me.opts.allocs.mixin
[17:44:34] [main/INFO]: Initializing com.ishland.c2me.opts.chunkio.mixin
[17:44:34] [main/INFO]: Initializing com.ishland.c2me.opts.dfc.mixin
[17:44:34] [main/INFO]: Initializing com.ishland.c2me.opts.math.mixin
[17:44:34] [main/INFO]: Initializing com.ishland.c2me.opts.scheduling.mixin
[17:44:34] [main/INFO]: Initializing com.ishland.c2me.opts.worldgen.general.mixin
[17:44:34] [main/INFO]: Initializing com.ishland.c2me.opts.worldgen.vanilla.mixin
[17:44:34] [main/INFO]: Initializing com.ishland.c2me.rewrites.chunk_serializer.mixin
[17:44:34] [main/INFO]: Disabling config ioSystem.gcFreeChunkSerializer: Incompatible with architectury@16.1.4 (*) (defined in c2me)
[17:44:34] [main/INFO]: Disabling com.ishland.c2me.rewrites.chunk_serializer.mixin
[17:44:34] [main/INFO]: Initializing com.ishland.c2me.rewrites.chunksystem.mixin
[17:44:34] [main/INFO]: Initializing com.ishland.c2me.rewrites.chunkio.mixin
[17:44:34] [main/INFO]: Initializing com.ishland.c2me.server.utils.mixin
[17:44:34] [main/INFO]: Initializing com.ishland.c2me.threading.lighting.mixin
[17:44:34] [main/WARN]: Reference map 'easyshulkerboxes.common.refmap.json' for easyshulkerboxes.common.mixins.json could not be read. If this is a development environment you can ignore this message
[17:44:34] [main/WARN]: Reference map 'easyshulkerboxes.fabric.refmap.json' for easyshulkerboxes.fabric.mixins.json could not be read. If this is a development environment you can ignore this message
[17:44:35] [main/WARN]: Reference map 'forgeconfigapiport.common.refmap.json' for forgeconfigapiport.common.mixins.json could not be read. If this is a development environment you can ignore this message
[17:44:35] [main/WARN]: Reference map 'iteminteractions.fabric.refmap.json' for iteminteractions.fabric.mixins.json could not be read. If this is a development environment you can ignore this message
[17:44:35] [main/WARN]: Reference map 'leavesbegone.fabric.refmap.json' for leavesbegone.fabric.mixins.json could not be read. If this is a development environment you can ignore this message
[17:44:35] [main/WARN]: Mod 'ferritecore' attempted to override option 'mixin.alloc.blockstate', which doesn't exist, ignoring
[17:44:35] [main/WARN]: Mod 'mutantmonsters' attempted to override option 'mixin.ai.nearby_entity_tracking.goals', which doesn't exist, ignoring
[17:44:35] [main/INFO]: Loaded configuration file for Lithium: 157 options available, 0 override(s) found.
[17:44:35] [main/WARN]: Reference map 'mutantmonsters.fabric.refmap.json' for mutantmonsters.fabric.mixins.json could not be read. If this is a development environment you can ignore this message
[17:44:35] [main/INFO]: Packet Fixer forge 1.20.5-1.21.X has been applied successfully.
[17:44:35] [main/WARN]: Reference map 'skeletonaifix.common.refmap.json' for skeletonaifix.common.mixins.json could not be read. If this is a development environment you can ignore this message
[17:44:35] [main/WARN]: Reference map 'skeletonaifix.fabric.refmap.json' for skeletonaifix.fabric.mixins.json could not be read. If this is a development environment you can ignore this message
[17:44:35] [main/WARN]: Reference map 'tinyskeletons.common.refmap.json' for tinyskeletons.common.mixins.json could not be read. If this is a development environment you can ignore this message
[17:44:35] [main/WARN]: Reference map 'tinyskeletons.fabric.refmap.json' for tinyskeletons.fabric.mixins.json could not be read. If this is a development environment you can ignore this message
[17:44:35] [main/WARN]: Reference map 'tradingpost.fabric.refmap.json' for tradingpost.fabric.mixins.json could not be read. If this is a development environment you can ignore this message
[17:44:35] [main/INFO]: Successfully started async appender with [SysOut, ServerGuiConsole, Tracy, File]
[17:44:35] [main/WARN]: Reference map 'yet_another_config_lib_v3.refmap.json' for yacl.mixins.json could not be read. If this is a development environment you can ignore this message
[17:44:35] [main/WARN]: Reference map 'yet_another_config_lib_v3.refmap.json' for yacl-fabric.mixins.json could not be read. If this is a development environment you can ignore this message
[17:44:36] [main/INFO]: Disabling config vanillaWorldGenOptimizations.useEndBiomeCache: Incompatible with biolith@3.3.0 (*) (defined in c2me)
[17:44:36] [main/WARN]: Error loading class: net/minecraft/class_897 (java.lang.ClassNotFoundException: net/minecraft/class_897)
[17:44:36] [main/WARN]: @Mixin target net.minecraft.class_897 was not found geckolib.mixins.json:client.EntityRendererMixin from mod geckolib
[17:44:38] [main/INFO]: Registering config for libjf-translate-v1
[17:44:38] [main/INFO]: Initializing MixinExtras via com.llamalad7.mixinextras.service.MixinExtrasServiceImpl(version=0.5.0).
[17:44:54] [main/INFO]: Initializing platform helper for Advanced Netherite!
[17:44:55] [main/INFO]: Biolith for Fabric is initializing...
[17:44:55] [main/INFO]: Enabled 27 bug fixes: [MC-2025, MC-7569, MC-8187, MC-30391, MC-69216, MC-88371, MC-89146, MC-93018, MC-100991, MC-119417, MC-119754, MC-121706, MC-121903, MC-129909, MC-132878, MC-155509, MC-160095, MC-179072, MC-183990, MC-199467, MC-200418, MC-206922, MC-215530, MC-223153, MC-224729, MC-231743, MC-232869]
[17:44:55] [main/INFO]: Successfully Debugify'd your game!
[17:44:55] [main/INFO]: Constructing common components for easyanvils:main
[17:44:55] [main/INFO]: Dispatching loading event for config easyanvils-common.toml
[17:44:55] [main/INFO]: Constructing common components for easymagic:main
[17:44:55] [main/INFO]: Dispatching loading event for config easymagic-common.toml
[17:44:55] [main/INFO]: Constructing common components for easyshulkerboxes:main
[17:44:55] [main/INFO]: End Remastered config loaded with success
[17:44:55] [main/INFO]: End Remastered eyes loaded with success
[17:44:56] [main/INFO]: Deserializing FriendsAndFoesConfig from 'config/friendsandfoes.json'
[17:44:57] [main/INFO]: Constructing common components for iteminteractions:main
[17:44:57] [main/INFO]: Initializing items and blocks from next update!
[17:44:57] [main/INFO]: Compression will use libdeflate (Linux x86_64), encryption will use OpenSSL 3.x.x (Linux x86_64)
[17:44:57] [main/INFO]: Ksyxis: Booting... (platform: Fabric/KFabric, manual: false)
[17:44:57] [main/INFO]: Ksyxis: Ready. As always, this mod will speed up your world loading and might or might not break it. (mixinVersion: 0.8.7, time: 1 ms)
[17:44:57] [main/INFO]: Initialized LeashPlayers
[17:44:57] [main/INFO]: Constructing common components for leavesbegone:main
[17:44:58] [main/INFO]: Loaded FabricRegistrationFactory for service Factory
[17:44:58] [main/INFO]: Loaded FabricPlatformHelper for service IPlatformHelper
[17:44:58] [main/INFO]: Config 'livingthings.json' was successfully loaded.
[17:44:58] [main/INFO]: Config 'penguin.json' was successfully loaded.
[17:44:58] [main/INFO]: Config 'elephant.json' was successfully loaded.
[17:44:58] [main/INFO]: Config 'giraffe.json' was successfully loaded.
[17:44:58] [main/INFO]: Config 'lion.json' was successfully loaded.
[17:44:58] [main/INFO]: Config 'shark.json' was successfully loaded.
[17:44:58] [main/INFO]: Config 'ostrich.json' was successfully loaded.
[17:44:58] [main/INFO]: Config 'flamingo.json' was successfully loaded.
[17:44:58] [main/INFO]: Config 'crab.json' was successfully loaded.
[17:44:58] [main/INFO]: Config 'mantaray.json' was successfully loaded.
[17:44:58] [main/INFO]: Config 'raccoon.json' was successfully loaded.
[17:44:58] [main/INFO]: Config 'owl.json' was successfully loaded.
[17:44:58] [main/INFO]: Config 'ancient_blaze.json' was successfully loaded.
[17:44:58] [main/INFO]: Config 'koala.json' was successfully loaded.
[17:44:58] [main/INFO]: Config 'snail.json' was successfully loaded.
[17:44:58] [main/INFO]: Config 'monkey.json' was successfully loaded.
[17:44:58] [main/INFO]: Config 'nether_knight.json' was successfully loaded.
[17:44:58] [main/INFO]: Config 'shroomie.json' was successfully loaded.
[17:44:58] [main/INFO]: Config 'seahorse.json' was successfully loaded.
[17:44:58] [main/INFO]: Config 'baby_ender_dragon.json' was successfully loaded.
[17:44:58] [main/INFO]: Config 'peacock.json' was successfully loaded.
[17:44:58] [main/INFO]: Registering MobAttributes
[17:44:58] [main/INFO]: Registering SpawnPlacements
[17:44:58] [main/INFO]: Constructing common components for mutantmonsters:main
[17:44:58] [main/INFO]: Dispatching loading event for config mutantmonsters-common.toml
[17:44:58] [ToggleableConfigWatchService/INFO]: Registering config for libjf-config-core-v2
[17:44:58] [ToggleableConfigWatchService/INFO]: Created config watch service
[17:44:58] [main/INFO]: - Plushables Loaded -
[17:44:59] [main/INFO]: [STDOUT]: All 3 have been set properly
[17:44:59] [main/INFO]: [STDOUT]: [Happy Pride Moth!] Development Tool not present. If this is a development environment, you can ignore this message.
[17:44:59] [main/INFO]: Constructing common components for puzzleslib:main
[17:44:59] [main/INFO]: Registering C2S receiver with id roughlyenoughitems:request_tags_c2s
[17:44:59] [main/INFO]: [REI] Registered plugin provider DefaultPlugin [roughlyenoughitems] for REICommonPlugin
[17:44:59] [main/INFO]: [REI] Registered plugin provider DefaultRuntimePlugin [roughlyenoughitems] for REICommonPlugin
[17:44:59] [main/INFO]: [REI] Registered plugin provider FabricFluidAPISupportPlugin for REICommonPlugin
[17:44:59] [main/INFO]: Registering C2S receiver with id roughlyenoughitems:delete_item
[17:44:59] [main/INFO]: Registering C2S receiver with id roughlyenoughitems:create_item
[17:44:59] [main/INFO]: Registering C2S receiver with id roughlyenoughitems:create_item_grab
[17:44:59] [main/INFO]: Registering C2S receiver with id roughlyenoughitems:create_item_hotbar
[17:44:59] [main/INFO]: Registering C2S receiver with id roughlyenoughitems:move_items_new
[17:45:00] [main/INFO]: [ServerCore] Loaded V1.5.12+1.21.5!
[17:45:00] [main/INFO]: Constructing common components for skeletonaifix:main
[17:45:00] [main/INFO]: [STDOUT]: The Afterdark is initializing...
[17:45:00] [main/INFO]: Constructing common components for tinyskeletons:main
[17:45:00] [main/INFO]: Constructing common components for tradingpost:main
[17:45:01] [main/INFO]: Registered the FluidEffect with Unique ID of minecraft:water for Water (Fluid Amount Required: 81000) with the ID 0
[17:45:01] [main/INFO]: Registered the FluidEffect with Unique ID of minecraft:lava for Lava (Fluid Amount Required: 81000) with the ID 1
[17:45:01] [main/INFO]: Registered the FluidEffect with Unique ID of travelersbackpack:potion for block.travelersbackpack.potion_still (Fluid Amount Required: 27000) with the ID 2
[17:45:01] [main/INFO]: Registered the FluidEffect with Unique ID of minecraft:milk for Air (Fluid Amount Required: 81000) with the ID 3
[17:45:01] [main/INFO]: Starting TT20...
[17:45:01] [Thread-10/INFO]: (TT20) Checking for updates...
[17:45:01] [main/INFO]: Deserializing VariantsAndVenturesConfig from 'config/variantsandventures.json'
[17:45:01] [main/INFO]: [voicechat] Compatibility version 20
[17:45:01] [Thread-10/INFO]: (TT20) Running the latest version
[17:45:01] [main/INFO]: [voicechat] Loading plugins
[17:45:01] [main/INFO]: [voicechat] Loaded 1 plugin(s)
[17:45:01] [main/INFO]: [voicechat] Initializing plugins
[17:45:01] [main/INFO]: [voicechat] Initialized 1 plugin(s)
[17:45:01] [main/INFO]: [voicechat] Registering events for 'vcinteraction'
[17:45:01] [main/INFO]: Krypton is now accelerating your Minecraft server's networking stack 🚀
[17:45:02] [main/INFO]: Environment: Environment[sessionHost=https://sessionserver.mojang.com, servicesHost=https://api.minecraftservices.com, name=PROD]
[17:45:02] [main/WARN]: Missing data pack tide
[17:45:02] [main/INFO]: Found new data pack balm, loading it automatically
[17:45:02] [main/INFO]: Found new data pack enchanter_fix, loading it automatically
[17:45:02] [main/INFO]: Found new data pack leavesbegone, loading it automatically
[17:45:02] [main/INFO]: Found new data pack skeletonaifix, loading it automatically
[17:45:02] [main/INFO]: Found new data pack vcinteraction, loading it automatically
[17:45:10] [Worker-Main-1/WARN]: Found loot table element validation problem in {minecraft:loot_table/minecraft:entities/player}.pools[1].entries[0]: Unknown loot table called player_heads:entities/player
[17:45:10] [Worker-Main-1/INFO]: Command '/livingthings' registered
